// Jest Snapshot v1, https://goo.gl/fbAQLP

exports[`Input should render correctly 1`] = `
<div
  className="sc-hKMtZM ifVoBq"
>
  <nav
    className="sc-bczRLJ fKaIsd"
  >
    <h2
      className="sc-dkzDqf hDIAhY"
    >
      Hello, 
      admin
    </h2>
    <button
      className="sc-gsnTZi bicnmt"
      onClick={[Function]}
    >
      Logout
    </button>
  </nav>
  content
</div>
`;
